stm32wbxx_ll_rcc.h:1751:22:LL_RCC_LSE_SetDriveCapability	16	static
stm32wbxx_ll_bus.h:512:22:LL_AHB2_GRP1_EnableClock	24	static
main.c:87:6:draw	40	static
main.c:137:5:main	8	static
main.c:213:6:SystemClock_Config	192	static
main.c:301:13:MX_I2C1_Init	8	static
main.c:347:13:MX_LPTIM1_Init	8	static
main.c:383:13:MX_QUADSPI_Init	8	static
main.c:416:13:MX_RF_Init	4	static
main.c:437:13:MX_RTC_Init	32	static
main.c:501:13:MX_USART1_UART_Init	8	static
main.c:549:13:MX_GPIO_Init	32	static
main.c:601:6:Error_Handler	4	static
