stm32wbxx_ll_rcc.h:2981:22:LL_RCC_EnableRTC	4	static
stm32wbxx_ll_rcc.h:2991:22:LL_RCC_DisableRTC	4	static
stm32wbxx_ll_bus.h:512:22:LL_AHB2_GRP1_EnableClock	24	static
stm32wbxx_ll_bus.h:710:22:LL_AHB3_GRP1_EnableClock	24	static
stm32wbxx_ll_bus.h:762:22:LL_AHB3_GRP1_DisableClock	16	static
stm32wbxx_ll_bus.h:898:22:LL_APB1_GRP1_EnableClock	24	static
stm32wbxx_ll_bus.h:993:22:LL_APB1_GRP1_DisableClock	16	static
stm32wbxx_ll_bus.h:1217:22:LL_APB2_GRP1_EnableClock	24	static
stm32wbxx_ll_bus.h:1265:22:LL_APB2_GRP1_DisableClock	16	static
stm32wbxx_hal_msp.c:64:6:HAL_MspInit	8	static
stm32wbxx_hal_msp.c:90:6:HAL_I2C_MspInit	40	static
stm32wbxx_hal_msp.c:126:6:HAL_I2C_MspDeInit	16	static
stm32wbxx_hal_msp.c:157:6:HAL_LPTIM_MspInit	40	static
stm32wbxx_hal_msp.c:196:6:HAL_LPTIM_MspDeInit	16	static
stm32wbxx_hal_msp.c:227:6:HAL_QSPI_MspInit	40	static
stm32wbxx_hal_msp.c:275:6:HAL_QSPI_MspDeInit	16	static
stm32wbxx_hal_msp.c:310:6:HAL_RTC_MspInit	16	static
stm32wbxx_hal_msp.c:333:6:HAL_RTC_MspDeInit	16	static
stm32wbxx_hal_msp.c:356:6:HAL_UART_MspInit	40	static
stm32wbxx_hal_msp.c:392:6:HAL_UART_MspDeInit	16	static
