ssd1306.c:61:6:SSD1306_ScrollRight	16	static
ssd1306.c:83:6:SSD1306_ScrollLeft	16	static
ssd1306.c:105:6:SSD1306_Scrolldiagright	16	static
ssd1306.c:130:6:SSD1306_Scrolldiagleft	16	static
ssd1306.c:155:6:SSD1306_Stopscroll	8	static
ssd1306.c:171:6:SSD1306_InvertDisplay	16	static
ssd1306.c:189:6:SSD1306_DrawBitmap	32	static
ssd1306.c:228:9:SSD1306_Init	16	static
ssd1306.c:432:6:SSD1306_UpdateScreen	16	static
ssd1306.c:461:6:SSD1306_ToggleInvert	16	static
ssd1306.c:482:6:SSD1306_Fill	16	static
ssd1306.c:496:6:SSD1306_DrawPixel	16	static
ssd1306.c:527:6:SSD1306_GotoXY	16	static
ssd1306.c:542:6:SSD1306_Putc	32	static
ssd1306.c:606:6:SSD1306_Puts	24	static
ssd1306.c:633:6:SSD1306_DrawLine	40	static
ssd1306.c:726:6:SSD1306_DrawRectangle	32	static
ssd1306.c:760:6:SSD1306_DrawFilledRectangle	40	static
ssd1306.c:796:6:SSD1306_DrawTriangle	32	static
ssd1306.c:813:6:SSD1306_DrawFilledTriangle	64	static
ssd1306.c:869:6:SSD1306_DrawCircle	40	static
ssd1306.c:903:6:SSD1306_DrawFilledCircle	48	static
ssd1306.c:945:6:SSD1306_Clear	8	static
ssd1306.c:960:6:SSD1306_ON	8	static
ssd1306.c:975:6:SSD1306_OFF	8	static
ssd1306.c:990:6:SSD1306_Contrast	16	static
ssd1306.c:1004:6:SSD1306_MirrorReflection	16	static
ssd1306.c:1022:6:SSD1306_ScreenRotation	16	static
ssd1306.c:1053:6:ssd1306_I2C_Init	16	static
ssd1306.c:1074:6:ssd1306_Reset	4	static
ssd1306.c:1102:6:ssd1306_WriteCommand	32	static
ssd1306.c:1140:6:ssd1306_WriteData	288	static
